2026-08-10 09:14:05.042: [INFO] CurrentProfilePath: E:\IQ-Hub\.metadata\.plugins\org.eclipse.swt\EBWebView\Default
2026-08-10 09:14:05.042: [INFO] Profiles total count: 1
2026-08-10 09:14:05.042: [INFO] Profile: name=Profile 1 path=E:\IQ-Hub\.metadata\.plugins\org.eclipse.swt\EBWebView\Default lastActive=null
2026-08-10 09:14:05.042: [INFO] LastUsedProfileDir: E:\IQ-Hub\.metadata\.plugins\org.eclipse.swt\EBWebView\Default
2026-08-10 09:14:05.042: [INFO] OnDoneLoading sync enabled: 0
2026-08-10 09:14:05.042: [INFO] BookmarkModelLoaded, ids_reassigned: 0
2026-08-10 09:14:05.042: [INFO] BookmarksLoadDropped droppedNodes=0
2026-08-10 09:14:05.042: [INFO] BookmarksSnapshot Startup total=0 bar=0 other=0 mobile=0 showBar=0 showBarNTP=1
2026-08-10 09:15:39.762: [INFO] BookmarksSnapshot Shutdown total=0 bar=0 other=0 mobile=0 showBar=0 showBarNTP=1
2026-08-10 09:34:51.320: [INFO] CurrentProfilePath: E:\IQ-Hub\.metadata\.plugins\org.eclipse.swt\EBWebView\Default
2026-08-10 09:34:51.320: [INFO] Profiles total count: 1
2026-08-10 09:34:51.321: [INFO] Profile: name=Profile 1 path=E:\IQ-Hub\.metadata\.plugins\org.eclipse.swt\EBWebView\Default lastActive=2026-08-10T09:15:28.089Z
2026-08-10 09:34:51.321: [INFO] LastUsedProfileDir: E:\IQ-Hub\.metadata\.plugins\org.eclipse.swt\EBWebView\Default
2026-08-10 09:34:51.321: [INFO] MostRecentlyActiveProfile: name=Profile 1 path=E:\IQ-Hub\.metadata\.plugins\org.eclipse.swt\EBWebView\Default lastActive=2026-08-10T09:15:28.089Z
2026-08-10 09:34:51.321: [INFO] OnDoneLoading sync enabled: 0
2026-08-10 09:34:51.321: [INFO] BookmarkModelLoaded, ids_reassigned: 0
2026-08-10 09:34:51.321: [INFO] BookmarksLoadDropped droppedNodes=0
2026-08-10 09:34:51.321: [INFO] BookmarksSnapshot Startup total=0 bar=0 other=0 mobile=0 showBar=0 showBarNTP=1
2026-08-10 10:47:46.505: [INFO] BookmarksSnapshot Shutdown total=0 bar=0 other=0 mobile=0 showBar=0 showBarNTP=1
2026-08-10 10:50:13.474: [INFO] CurrentProfilePath: E:\IQ-Hub\.metadata\.plugins\org.eclipse.swt\EBWebView\Default
2026-08-10 10:50:13.474: [INFO] Profiles total count: 1
2026-08-10 10:50:13.474: [INFO] Profile: name=Profile 1 path=E:\IQ-Hub\.metadata\.plugins\org.eclipse.swt\EBWebView\Default lastActive=2026-08-10T09:15:28.089Z
2026-08-10 10:50:13.474: [INFO] LastUsedProfileDir: E:\IQ-Hub\.metadata\.plugins\org.eclipse.swt\EBWebView\Default
2026-08-10 10:50:13.474: [INFO] MostRecentlyActiveProfile: name=Profile 1 path=E:\IQ-Hub\.metadata\.plugins\org.eclipse.swt\EBWebView\Default lastActive=2026-08-10T09:15:28.089Z
2026-08-10 10:50:13.474: [INFO] OnDoneLoading sync enabled: 0
2026-08-10 10:50:13.474: [INFO] BookmarkModelLoaded, ids_reassigned: 0
2026-08-10 10:50:13.474: [INFO] BookmarksLoadDropped droppedNodes=0
2026-08-10 10:50:13.474: [INFO] BookmarksSnapshot Startup total=0 bar=0 other=0 mobile=0 showBar=0 showBarNTP=1
2026-08-10 10:57:08.480: [INFO] BookmarksSnapshot Shutdown total=0 bar=0 other=0 mobile=0 showBar=0 showBarNTP=1
2026-08-11 06:22:16.318: [INFO] CurrentProfilePath: E:\IQ-Hub\.metadata\.plugins\org.eclipse.swt\EBWebView\Default
2026-08-11 06:22:16.318: [INFO] Profiles total count: 1
2026-08-11 06:22:16.318: [INFO] Profile: name=Profile 1 path=E:\IQ-Hub\.metadata\.plugins\org.eclipse.swt\EBWebView\Default lastActive=2026-08-10T09:15:28.089Z
2026-08-11 06:22:16.318: [INFO] LastUsedProfileDir: E:\IQ-Hub\.metadata\.plugins\org.eclipse.swt\EBWebView\Default
2026-08-11 06:22:16.318: [INFO] MostRecentlyActiveProfile: name=Profile 1 path=E:\IQ-Hub\.metadata\.plugins\org.eclipse.swt\EBWebView\Default lastActive=2026-08-10T09:15:28.089Z
2026-08-11 06:22:16.318: [INFO] OnDoneLoading sync enabled: 0
2026-08-11 06:22:16.318: [INFO] BookmarkModelLoaded, ids_reassigned: 0
2026-08-11 06:22:16.318: [INFO] BookmarksLoadDropped droppedNodes=0
2026-08-11 06:22:16.318: [INFO] BookmarksSnapshot Startup total=0 bar=0 other=0 mobile=0 showBar=0 showBarNTP=1
2026-08-11 08:29:45.337: [INFO] BookmarksSnapshot Shutdown total=0 bar=0 other=0 mobile=0 showBar=0 showBarNTP=1
2026-08-12 05:19:47.013: [INFO] CurrentProfilePath: E:\IQ-Hub\.metadata\.plugins\org.eclipse.swt\EBWebView\Default
2026-08-12 05:19:47.013: [INFO] Profiles total count: 1
2026-08-12 05:19:47.013: [INFO] Profile: name=Profile 1 path=E:\IQ-Hub\.metadata\.plugins\org.eclipse.swt\EBWebView\Default lastActive=2026-08-10T09:15:28.089Z
2026-08-12 05:19:47.013: [INFO] LastUsedProfileDir: E:\IQ-Hub\.metadata\.plugins\org.eclipse.swt\EBWebView\Default
2026-08-12 05:19:47.013: [INFO] MostRecentlyActiveProfile: name=Profile 1 path=E:\IQ-Hub\.metadata\.plugins\org.eclipse.swt\EBWebView\Default lastActive=2026-08-10T09:15:28.089Z
2026-08-12 05:19:47.013: [INFO] OnDoneLoading sync enabled: 0
2026-08-12 05:19:47.013: [INFO] BookmarkModelLoaded, ids_reassigned: 0
2026-08-12 05:19:47.013: [INFO] BookmarksLoadDropped droppedNodes=0
2026-08-12 05:19:47.013: [INFO] BookmarksSnapshot Startup total=0 bar=0 other=0 mobile=0 showBar=0 showBarNTP=1
2026-08-12 06:07:06.939: [INFO] BookmarksSnapshot Shutdown total=0 bar=0 other=0 mobile=0 showBar=0 showBarNTP=1
2026-08-15 03:19:35.888: [INFO] CurrentProfilePath: E:\IQ-Hub\.metadata\.plugins\org.eclipse.swt\EBWebView\Default
2026-08-15 03:19:35.888: [INFO] Profiles total count: 1
2026-08-15 03:19:35.889: [INFO] Profile: name=Profile 1 path=E:\IQ-Hub\.metadata\.plugins\org.eclipse.swt\EBWebView\Default lastActive=2026-08-10T09:15:28.089Z
2026-08-15 03:19:35.889: [INFO] LastUsedProfileDir: E:\IQ-Hub\.metadata\.plugins\org.eclipse.swt\EBWebView\Default
2026-08-15 03:19:35.889: [INFO] MostRecentlyActiveProfile: name=Profile 1 path=E:\IQ-Hub\.metadata\.plugins\org.eclipse.swt\EBWebView\Default lastActive=2026-08-10T09:15:28.089Z
2026-08-15 03:19:35.889: [INFO] OnDoneLoading sync enabled: 0
2026-08-15 03:19:35.889: [INFO] BookmarkModelLoaded, ids_reassigned: 0
2026-08-15 03:19:35.889: [INFO] BookmarksLoadDropped droppedNodes=0
2026-08-15 03:19:35.889: [INFO] BookmarksSnapshot Startup total=0 bar=0 other=0 mobile=0 showBar=0 showBarNTP=1
2026-08-15 05:09:02.842: [INFO] BookmarksSnapshot Shutdown total=0 bar=0 other=0 mobile=0 showBar=0 showBarNTP=1
2026-08-16 04:36:18.608: [INFO] CurrentProfilePath: E:\IQ-Hub\.metadata\.plugins\org.eclipse.swt\EBWebView\Default
2026-08-16 04:36:18.608: [INFO] Profiles total count: 1
2026-08-16 04:36:18.608: [INFO] Profile: name=Profile 1 path=E:\IQ-Hub\.metadata\.plugins\org.eclipse.swt\EBWebView\Default lastActive=2026-08-10T09:15:28.089Z
2026-08-16 04:36:18.608: [INFO] LastUsedProfileDir: E:\IQ-Hub\.metadata\.plugins\org.eclipse.swt\EBWebView\Default
2026-08-16 04:36:18.608: [INFO] MostRecentlyActiveProfile: name=Profile 1 path=E:\IQ-Hub\.metadata\.plugins\org.eclipse.swt\EBWebView\Default lastActive=2026-08-10T09:15:28.089Z
2026-08-16 04:36:18.608: [INFO] OnDoneLoading sync enabled: 0
2026-08-16 04:36:18.608: [INFO] BookmarkModelLoaded, ids_reassigned: 0
2026-08-16 04:36:18.608: [INFO] BookmarksLoadDropped droppedNodes=0
2026-08-16 04:36:18.608: [INFO] BookmarksSnapshot Startup total=0 bar=0 other=0 mobile=0 showBar=0 showBarNTP=1
2026-08-16 06:15:31.557: [INFO] BookmarksSnapshot Shutdown total=0 bar=0 other=0 mobile=0 showBar=0 showBarNTP=1
2026-08-18 09:13:01.778: [INFO] CurrentProfilePath: E:\IQ-Hub\.metadata\.plugins\org.eclipse.swt\EBWebView\Default
2026-08-18 09:13:01.778: [INFO] Profiles total count: 1
2026-08-18 09:13:01.779: [INFO] Profile: name=Profile 1 path=E:\IQ-Hub\.metadata\.plugins\org.eclipse.swt\EBWebView\Default lastActive=2026-08-10T09:15:28.089Z
2026-08-18 09:13:01.779: [INFO] LastUsedProfileDir: E:\IQ-Hub\.metadata\.plugins\org.eclipse.swt\EBWebView\Default
2026-08-18 09:13:01.779: [INFO] MostRecentlyActiveProfile: name=Profile 1 path=E:\IQ-Hub\.metadata\.plugins\org.eclipse.swt\EBWebView\Default lastActive=2026-08-10T09:15:28.089Z
2026-08-18 09:13:01.779: [INFO] OnDoneLoading sync enabled: 0
2026-08-18 09:13:01.779: [INFO] BookmarkModelLoaded, ids_reassigned: 0
2026-08-18 09:13:01.779: [INFO] BookmarksLoadDropped droppedNodes=0
2026-08-18 09:13:01.779: [INFO] BookmarksSnapshot Startup total=0 bar=0 other=0 mobile=0 showBar=0 showBarNTP=1
2026-08-18 09:13:03.849: [INFO] BookmarksSnapshot Shutdown total=0 bar=0 other=0 mobile=0 showBar=0 showBarNTP=1
2026-08-18 09:13:04.955: [INFO] CurrentProfilePath: E:\IQ-Hub\.metadata\.plugins\org.eclipse.swt\EBWebView\Default
2026-08-18 09:13:04.955: [INFO] Profiles total count: 1
2026-08-18 09:13:04.956: [INFO] Profile: name=Profile 1 path=E:\IQ-Hub\.metadata\.plugins\org.eclipse.swt\EBWebView\Default lastActive=2026-08-10T09:15:28.089Z
2026-08-18 09:13:04.956: [INFO] LastUsedProfileDir: E:\IQ-Hub\.metadata\.plugins\org.eclipse.swt\EBWebView\Default
2026-08-18 09:13:04.956: [INFO] MostRecentlyActiveProfile: name=Profile 1 path=E:\IQ-Hub\.metadata\.plugins\org.eclipse.swt\EBWebView\Default lastActive=2026-08-10T09:15:28.089Z
2026-08-18 09:13:04.956: [INFO] OnDoneLoading sync enabled: 0
2026-08-18 09:13:04.956: [INFO] BookmarkModelLoaded, ids_reassigned: 0
2026-08-18 09:13:04.956: [INFO] BookmarksLoadDropped droppedNodes=0
2026-08-18 09:13:04.956: [INFO] BookmarksSnapshot Startup total=0 bar=0 other=0 mobile=0 showBar=0 showBarNTP=1
2026-08-18 09:13:09.044: [INFO] BookmarksSnapshot Shutdown total=0 bar=0 other=0 mobile=0 showBar=0 showBarNTP=1
2026-08-18 09:13:34.618: [INFO] CurrentProfilePath: E:\IQ-Hub\.metadata\.plugins\org.eclipse.swt\EBWebView\Default
2026-08-18 09:13:34.618: [INFO] Profiles total count: 1
2026-08-18 09:13:34.618: [INFO] Profile: name=Profile 1 path=E:\IQ-Hub\.metadata\.plugins\org.eclipse.swt\EBWebView\Default lastActive=2026-08-10T09:15:28.089Z
2026-08-18 09:13:34.618: [INFO] LastUsedProfileDir: E:\IQ-Hub\.metadata\.plugins\org.eclipse.swt\EBWebView\Default
2026-08-18 09:13:34.618: [INFO] MostRecentlyActiveProfile: name=Profile 1 path=E:\IQ-Hub\.metadata\.plugins\org.eclipse.swt\EBWebView\Default lastActive=2026-08-10T09:15:28.089Z
2026-08-18 09:13:34.618: [INFO] OnDoneLoading sync enabled: 0
2026-08-18 09:13:34.618: [INFO] BookmarkModelLoaded, ids_reassigned: 0
2026-08-18 09:13:34.618: [INFO] BookmarksLoadDropped droppedNodes=0
2026-08-18 09:13:34.618: [INFO] BookmarksSnapshot Startup total=0 bar=0 other=0 mobile=0 showBar=0 showBarNTP=1
2026-08-18 09:13:38.609: [INFO] BookmarksSnapshot Shutdown total=0 bar=0 other=0 mobile=0 showBar=0 showBarNTP=1
2026-08-18 09:13:52.844: [INFO] CurrentProfilePath: E:\IQ-Hub\.metadata\.plugins\org.eclipse.swt\EBWebView\Default
2026-08-18 09:13:52.844: [INFO] Profiles total count: 1
2026-08-18 09:13:52.844: [INFO] Profile: name=Profile 1 path=E:\IQ-Hub\.metadata\.plugins\org.eclipse.swt\EBWebView\Default lastActive=2026-08-10T09:15:28.089Z
2026-08-18 09:13:52.844: [INFO] LastUsedProfileDir: E:\IQ-Hub\.metadata\.plugins\org.eclipse.swt\EBWebView\Default
2026-08-18 09:13:52.844: [INFO] MostRecentlyActiveProfile: name=Profile 1 path=E:\IQ-Hub\.metadata\.plugins\org.eclipse.swt\EBWebView\Default lastActive=2026-08-10T09:15:28.089Z
2026-08-18 09:13:52.844: [INFO] OnDoneLoading sync enabled: 0
2026-08-18 09:13:52.844: [INFO] BookmarkModelLoaded, ids_reassigned: 0
2026-08-18 09:13:52.844: [INFO] BookmarksLoadDropped droppedNodes=0
2026-08-18 09:13:52.844: [INFO] BookmarksSnapshot Startup total=0 bar=0 other=0 mobile=0 showBar=0 showBarNTP=1
2026-08-18 10:40:24.172: [INFO] BookmarksSnapshot Shutdown total=0 bar=0 other=0 mobile=0 showBar=0 showBarNTP=1
2026-08-18 16:49:23.839: [INFO] CurrentProfilePath: E:\IQ-Hub\.metadata\.plugins\org.eclipse.swt\EBWebView\Default
2026-08-18 16:49:23.839: [INFO] Profiles total count: 1
2026-08-18 16:49:23.839: [INFO] Profile: name=Profile 1 path=E:\IQ-Hub\.metadata\.plugins\org.eclipse.swt\EBWebView\Default lastActive=2026-08-10T09:15:28.089Z
2026-08-18 16:49:23.839: [INFO] LastUsedProfileDir: E:\IQ-Hub\.metadata\.plugins\org.eclipse.swt\EBWebView\Default
2026-08-18 16:49:23.840: [INFO] MostRecentlyActiveProfile: name=Profile 1 path=E:\IQ-Hub\.metadata\.plugins\org.eclipse.swt\EBWebView\Default lastActive=2026-08-10T09:15:28.089Z
2026-08-18 16:49:23.840: [INFO] OnDoneLoading sync enabled: 0
2026-08-18 16:49:23.840: [INFO] BookmarkModelLoaded, ids_reassigned: 0
2026-08-18 16:49:23.840: [INFO] BookmarksLoadDropped droppedNodes=0
2026-08-18 16:49:23.840: [INFO] BookmarksSnapshot Startup total=0 bar=0 other=0 mobile=0 showBar=0 showBarNTP=1
2026-08-18 19:35:26.376: [INFO] BookmarksSnapshot Shutdown total=0 bar=0 other=0 mobile=0 showBar=0 showBarNTP=1
2026-08-19 09:51:47.055: [INFO] CurrentProfilePath: E:\IQ-Hub\.metadata\.plugins\org.eclipse.swt\EBWebView\Default
2026-08-19 09:51:47.055: [INFO] Profiles total count: 1
2026-08-19 09:51:47.055: [INFO] Profile: name=Profile 1 path=E:\IQ-Hub\.metadata\.plugins\org.eclipse.swt\EBWebView\Default lastActive=2026-08-10T09:15:28.089Z
2026-08-19 09:51:47.055: [INFO] LastUsedProfileDir: E:\IQ-Hub\.metadata\.plugins\org.eclipse.swt\EBWebView\Default
2026-08-19 09:51:47.055: [INFO] MostRecentlyActiveProfile: name=Profile 1 path=E:\IQ-Hub\.metadata\.plugins\org.eclipse.swt\EBWebView\Default lastActive=2026-08-10T09:15:28.089Z
2026-08-19 09:51:47.055: [INFO] OnDoneLoading sync enabled: 0
2026-08-19 09:51:47.055: [INFO] BookmarkModelLoaded, ids_reassigned: 0
2026-08-19 09:51:47.055: [INFO] BookmarksLoadDropped droppedNodes=0
2026-08-19 09:51:47.055: [INFO] BookmarksSnapshot Startup total=0 bar=0 other=0 mobile=0 showBar=0 showBarNTP=1
2026-08-19 09:53:10.531: [INFO] BookmarksSnapshot Shutdown total=0 bar=0 other=0 mobile=0 showBar=0 showBarNTP=1
2026-08-19 09:54:12.360: [INFO] CurrentProfilePath: E:\IQ-Hub\.metadata\.plugins\org.eclipse.swt\EBWebView\Default
2026-08-19 09:54:12.360: [INFO] Profiles total count: 1
2026-08-19 09:54:12.361: [INFO] Profile: name=Profile 1 path=E:\IQ-Hub\.metadata\.plugins\org.eclipse.swt\EBWebView\Default lastActive=2026-08-10T09:15:28.089Z
2026-08-19 09:54:12.361: [INFO] LastUsedProfileDir: E:\IQ-Hub\.metadata\.plugins\org.eclipse.swt\EBWebView\Default
2026-08-19 09:54:12.361: [INFO] MostRecentlyActiveProfile: name=Profile 1 path=E:\IQ-Hub\.metadata\.plugins\org.eclipse.swt\EBWebView\Default lastActive=2026-08-10T09:15:28.089Z
2026-08-19 09:54:12.361: [INFO] OnDoneLoading sync enabled: 0
2026-08-19 09:54:12.361: [INFO] BookmarkModelLoaded, ids_reassigned: 0
2026-08-19 09:54:12.361: [INFO] BookmarksLoadDropped droppedNodes=0
2026-08-19 09:54:12.361: [INFO] BookmarksSnapshot Startup total=0 bar=0 other=0 mobile=0 showBar=0 showBarNTP=1
2026-08-19 09:54:15.193: [INFO] BookmarksSnapshot Shutdown total=0 bar=0 other=0 mobile=0 showBar=0 showBarNTP=1
2026-08-19 09:55:33.818: [INFO] CurrentProfilePath: E:\IQ-Hub\.metadata\.plugins\org.eclipse.swt\EBWebView\Default
2026-08-19 09:55:33.818: [INFO] Profiles total count: 1
2026-08-19 09:55:33.819: [INFO] Profile: name=Profile 1 path=E:\IQ-Hub\.metadata\.plugins\org.eclipse.swt\EBWebView\Default lastActive=2026-08-10T09:15:28.089Z
2026-08-19 09:55:33.819: [INFO] LastUsedProfileDir: E:\IQ-Hub\.metadata\.plugins\org.eclipse.swt\EBWebView\Default
2026-08-19 09:55:33.819: [INFO] MostRecentlyActiveProfile: name=Profile 1 path=E:\IQ-Hub\.metadata\.plugins\org.eclipse.swt\EBWebView\Default lastActive=2026-08-10T09:15:28.089Z
2026-08-19 09:55:33.819: [INFO] OnDoneLoading sync enabled: 0
2026-08-19 09:55:33.819: [INFO] BookmarkModelLoaded, ids_reassigned: 0
2026-08-19 09:55:33.819: [INFO] BookmarksLoadDropped droppedNodes=0
2026-08-19 09:55:33.819: [INFO] BookmarksSnapshot Startup total=0 bar=0 other=0 mobile=0 showBar=0 showBarNTP=1
2026-08-19 09:56:43.981: [INFO] BookmarksSnapshot Shutdown total=0 bar=0 other=0 mobile=0 showBar=0 showBarNTP=1
2026-08-19 09:58:36.632: [INFO] CurrentProfilePath: E:\IQ-Hub\.metadata\.plugins\org.eclipse.swt\EBWebView\Default
2026-08-19 09:58:36.632: [INFO] Profiles total count: 1
2026-08-19 09:58:36.633: [INFO] Profile: name=Profile 1 path=E:\IQ-Hub\.metadata\.plugins\org.eclipse.swt\EBWebView\Default lastActive=2026-08-10T09:15:28.089Z
2026-08-19 09:58:36.633: [INFO] LastUsedProfileDir: E:\IQ-Hub\.metadata\.plugins\org.eclipse.swt\EBWebView\Default
2026-08-19 09:58:36.633: [INFO] MostRecentlyActiveProfile: name=Profile 1 path=E:\IQ-Hub\.metadata\.plugins\org.eclipse.swt\EBWebView\Default lastActive=2026-08-10T09:15:28.089Z
2026-08-19 09:58:36.633: [INFO] OnDoneLoading sync enabled: 0
2026-08-19 09:58:36.633: [INFO] BookmarkModelLoaded, ids_reassigned: 0
2026-08-19 09:58:36.633: [INFO] BookmarksLoadDropped droppedNodes=0
2026-08-19 09:58:36.633: [INFO] BookmarksSnapshot Startup total=0 bar=0 other=0 mobile=0 showBar=0 showBarNTP=1
2026-08-19 09:58:38.836: [INFO] BookmarksSnapshot Shutdown total=0 bar=0 other=0 mobile=0 showBar=0 showBarNTP=1
2026-08-19 09:59:06.081: [INFO] CurrentProfilePath: E:\IQ-Hub\.metadata\.plugins\org.eclipse.swt\EBWebView\Default
2026-08-19 09:59:06.081: [INFO] Profiles total count: 1
2026-08-19 09:59:06.081: [INFO] Profile: name=Profile 1 path=E:\IQ-Hub\.metadata\.plugins\org.eclipse.swt\EBWebView\Default lastActive=2026-08-10T09:15:28.089Z
2026-08-19 09:59:06.081: [INFO] LastUsedProfileDir: E:\IQ-Hub\.metadata\.plugins\org.eclipse.swt\EBWebView\Default
2026-08-19 09:59:06.081: [INFO] MostRecentlyActiveProfile: name=Profile 1 path=E:\IQ-Hub\.metadata\.plugins\org.eclipse.swt\EBWebView\Default lastActive=2026-08-10T09:15:28.089Z
2026-08-19 09:59:06.081: [INFO] OnDoneLoading sync enabled: 0
2026-08-19 09:59:06.081: [INFO] BookmarkModelLoaded, ids_reassigned: 0
2026-08-19 09:59:06.081: [INFO] BookmarksLoadDropped droppedNodes=0
2026-08-19 09:59:06.081: [INFO] BookmarksSnapshot Startup total=0 bar=0 other=0 mobile=0 showBar=0 showBarNTP=1
2026-08-19 09:59:14.771: [INFO] BookmarksSnapshot Shutdown total=0 bar=0 other=0 mobile=0 showBar=0 showBarNTP=1
2026-08-19 10:00:46.716: [INFO] CurrentProfilePath: E:\IQ-Hub\.metadata\.plugins\org.eclipse.swt\EBWebView\Default
2026-08-19 10:00:46.716: [INFO] Profiles total count: 1
2026-08-19 10:00:46.717: [INFO] Profile: name=Profile 1 path=E:\IQ-Hub\.metadata\.plugins\org.eclipse.swt\EBWebView\Default lastActive=2026-08-10T09:15:28.089Z
2026-08-19 10:00:46.717: [INFO] LastUsedProfileDir: E:\IQ-Hub\.metadata\.plugins\org.eclipse.swt\EBWebView\Default
2026-08-19 10:00:46.717: [INFO] MostRecentlyActiveProfile: name=Profile 1 path=E:\IQ-Hub\.metadata\.plugins\org.eclipse.swt\EBWebView\Default lastActive=2026-08-10T09:15:28.089Z
2026-08-19 10:00:46.717: [INFO] OnDoneLoading sync enabled: 0
2026-08-19 10:00:46.717: [INFO] BookmarkModelLoaded, ids_reassigned: 0
2026-08-19 10:00:46.717: [INFO] BookmarksLoadDropped droppedNodes=0
2026-08-19 10:00:46.717: [INFO] BookmarksSnapshot Startup total=0 bar=0 other=0 mobile=0 showBar=0 showBarNTP=1
2026-08-19 10:01:33.800: [INFO] BookmarksSnapshot Shutdown total=0 bar=0 other=0 mobile=0 showBar=0 showBarNTP=1
2026-08-19 10:01:33.863: [INFO] CurrentProfilePath: E:\IQ-Hub\.metadata\.plugins\org.eclipse.swt\EBWebView\Default
2026-08-19 10:01:33.863: [INFO] Profiles total count: 1
2026-08-19 10:01:33.863: [INFO] Profile: name=Profile 1 path=E:\IQ-Hub\.metadata\.plugins\org.eclipse.swt\EBWebView\Default lastActive=2026-08-10T09:15:28.089Z
2026-08-19 10:01:33.863: [INFO] LastUsedProfileDir: E:\IQ-Hub\.metadata\.plugins\org.eclipse.swt\EBWebView\Default
2026-08-19 10:01:33.863: [INFO] MostRecentlyActiveProfile: name=Profile 1 path=E:\IQ-Hub\.metadata\.plugins\org.eclipse.swt\EBWebView\Default lastActive=2026-08-10T09:15:28.089Z
2026-08-19 10:01:33.863: [INFO] OnDoneLoading sync enabled: 0
2026-08-19 10:01:33.863: [INFO] BookmarkModelLoaded, ids_reassigned: 0
2026-08-19 10:01:33.863: [INFO] BookmarksLoadDropped droppedNodes=0
2026-08-19 10:01:33.863: [INFO] BookmarksSnapshot Startup total=0 bar=0 other=0 mobile=0 showBar=0 showBarNTP=1
2026-08-19 10:01:46.266: [INFO] BookmarksSnapshot Shutdown total=0 bar=0 other=0 mobile=0 showBar=0 showBarNTP=1
2026-08-19 10:01:46.330: [INFO] CurrentProfilePath: E:\IQ-Hub\.metadata\.plugins\org.eclipse.swt\EBWebView\Default
2026-08-19 10:01:46.330: [INFO] Profiles total count: 1
2026-08-19 10:01:46.330: [INFO] Profile: name=Profile 1 path=E:\IQ-Hub\.metadata\.plugins\org.eclipse.swt\EBWebView\Default lastActive=2026-08-10T09:15:28.089Z
2026-08-19 10:01:46.330: [INFO] LastUsedProfileDir: E:\IQ-Hub\.metadata\.plugins\org.eclipse.swt\EBWebView\Default
2026-08-19 10:01:46.330: [INFO] MostRecentlyActiveProfile: name=Profile 1 path=E:\IQ-Hub\.metadata\.plugins\org.eclipse.swt\EBWebView\Default lastActive=2026-08-10T09:15:28.089Z
2026-08-19 10:01:46.330: [INFO] OnDoneLoading sync enabled: 0
2026-08-19 10:01:46.330: [INFO] BookmarkModelLoaded, ids_reassigned: 0
2026-08-19 10:01:46.330: [INFO] BookmarksLoadDropped droppedNodes=0
2026-08-19 10:01:46.330: [INFO] BookmarksSnapshot Startup total=0 bar=0 other=0 mobile=0 showBar=0 showBarNTP=1
2026-08-19 10:05:25.287: [INFO] BookmarksSnapshot Shutdown total=0 bar=0 other=0 mobile=0 showBar=0 showBarNTP=1
2026-08-19 10:06:33.141: [INFO] CurrentProfilePath: E:\IQ-Hub\.metadata\.plugins\org.eclipse.swt\EBWebView\Default
2026-08-19 10:06:33.141: [INFO] Profiles total count: 1
2026-08-19 10:06:33.141: [INFO] Profile: name=Profile 1 path=E:\IQ-Hub\.metadata\.plugins\org.eclipse.swt\EBWebView\Default lastActive=2026-08-10T09:15:28.089Z
2026-08-19 10:06:33.141: [INFO] LastUsedProfileDir: E:\IQ-Hub\.metadata\.plugins\org.eclipse.swt\EBWebView\Default
2026-08-19 10:06:33.141: [INFO] MostRecentlyActiveProfile: name=Profile 1 path=E:\IQ-Hub\.metadata\.plugins\org.eclipse.swt\EBWebView\Default lastActive=2026-08-10T09:15:28.089Z
2026-08-19 10:06:33.141: [INFO] OnDoneLoading sync enabled: 0
2026-08-19 10:06:33.141: [INFO] BookmarkModelLoaded, ids_reassigned: 0
2026-08-19 10:06:33.141: [INFO] BookmarksLoadDropped droppedNodes=0
2026-08-19 10:06:33.141: [INFO] BookmarksSnapshot Startup total=0 bar=0 other=0 mobile=0 showBar=0 showBarNTP=1
2026-08-19 10:50:52.770: [INFO] BookmarksSnapshot Shutdown total=0 bar=0 other=0 mobile=0 showBar=0 showBarNTP=1
2026-08-20 09:03:38.400: [INFO] CurrentProfilePath: E:\IQ-Hub\.metadata\.plugins\org.eclipse.swt\EBWebView\Default
2026-08-20 09:03:38.400: [INFO] Profiles total count: 1
2026-08-20 09:03:38.400: [INFO] Profile: name=Profile 1 path=E:\IQ-Hub\.metadata\.plugins\org.eclipse.swt\EBWebView\Default lastActive=2026-08-10T09:15:28.089Z
2026-08-20 09:03:38.400: [INFO] LastUsedProfileDir: E:\IQ-Hub\.metadata\.plugins\org.eclipse.swt\EBWebView\Default
2026-08-20 09:03:38.400: [INFO] MostRecentlyActiveProfile: name=Profile 1 path=E:\IQ-Hub\.metadata\.plugins\org.eclipse.swt\EBWebView\Default lastActive=2026-08-10T09:15:28.089Z
2026-08-20 09:03:38.400: [INFO] OnDoneLoading sync enabled: 0
2026-08-20 09:03:38.400: [INFO] BookmarkModelLoaded, ids_reassigned: 0
2026-08-20 09:03:38.400: [INFO] BookmarksLoadDropped droppedNodes=0
2026-08-20 09:03:38.400: [INFO] BookmarksSnapshot Startup total=0 bar=0 other=0 mobile=0 showBar=0 showBarNTP=1
2026-08-20 09:09:51.185: [INFO] BookmarksSnapshot Shutdown total=0 bar=0 other=0 mobile=0 showBar=0 showBarNTP=1
2026-08-20 09:13:17.254: [INFO] CurrentProfilePath: E:\IQ-Hub\.metadata\.plugins\org.eclipse.swt\EBWebView\Default
2026-08-20 09:13:17.254: [INFO] Profiles total count: 1
2026-08-20 09:13:17.254: [INFO] Profile: name=Profile 1 path=E:\IQ-Hub\.metadata\.plugins\org.eclipse.swt\EBWebView\Default lastActive=2026-08-10T09:15:28.089Z
2026-08-20 09:13:17.254: [INFO] LastUsedProfileDir: E:\IQ-Hub\.metadata\.plugins\org.eclipse.swt\EBWebView\Default
2026-08-20 09:13:17.254: [INFO] MostRecentlyActiveProfile: name=Profile 1 path=E:\IQ-Hub\.metadata\.plugins\org.eclipse.swt\EBWebView\Default lastActive=2026-08-10T09:15:28.089Z
2026-08-20 09:13:17.254: [INFO] OnDoneLoading sync enabled: 0
2026-08-20 09:13:17.254: [INFO] BookmarkModelLoaded, ids_reassigned: 0
2026-08-20 09:13:17.254: [INFO] BookmarksLoadDropped droppedNodes=0
2026-08-20 09:13:17.254: [INFO] BookmarksSnapshot Startup total=0 bar=0 other=0 mobile=0 showBar=0 showBarNTP=1
2026-08-20 09:15:40.449: [INFO] BookmarksSnapshot Shutdown total=0 bar=0 other=0 mobile=0 showBar=0 showBarNTP=1
2026-08-20 09:26:15.557: [INFO] CurrentProfilePath: E:\IQ-Hub\.metadata\.plugins\org.eclipse.swt\EBWebView\Default
2026-08-20 09:26:15.557: [INFO] Profiles total count: 1
2026-08-20 09:26:15.557: [INFO] Profile: name=Profile 1 path=E:\IQ-Hub\.metadata\.plugins\org.eclipse.swt\EBWebView\Default lastActive=2026-08-10T09:15:28.089Z
2026-08-20 09:26:15.557: [INFO] LastUsedProfileDir: E:\IQ-Hub\.metadata\.plugins\org.eclipse.swt\EBWebView\Default
2026-08-20 09:26:15.557: [INFO] MostRecentlyActiveProfile: name=Profile 1 path=E:\IQ-Hub\.metadata\.plugins\org.eclipse.swt\EBWebView\Default lastActive=2026-08-10T09:15:28.089Z
2026-08-20 09:26:15.557: [INFO] OnDoneLoading sync enabled: 0
2026-08-20 09:26:15.557: [INFO] BookmarkModelLoaded, ids_reassigned: 0
2026-08-20 09:26:15.557: [INFO] BookmarksLoadDropped droppedNodes=0
2026-08-20 09:26:15.557: [INFO] BookmarksSnapshot Startup total=0 bar=0 other=0 mobile=0 showBar=0 showBarNTP=1
2026-08-20 09:33:03.557: [INFO] BookmarksSnapshot Shutdown total=0 bar=0 other=0 mobile=0 showBar=0 showBarNTP=1
2026-08-20 09:34:13.363: [INFO] CurrentProfilePath: E:\IQ-Hub\.metadata\.plugins\org.eclipse.swt\EBWebView\Default
2026-08-20 09:34:13.363: [INFO] Profiles total count: 1
2026-08-20 09:34:13.363: [INFO] Profile: name=Profile 1 path=E:\IQ-Hub\.metadata\.plugins\org.eclipse.swt\EBWebView\Default lastActive=2026-08-10T09:15:28.089Z
2026-08-20 09:34:13.363: [INFO] LastUsedProfileDir: E:\IQ-Hub\.metadata\.plugins\org.eclipse.swt\EBWebView\Default
2026-08-20 09:34:13.363: [INFO] MostRecentlyActiveProfile: name=Profile 1 path=E:\IQ-Hub\.metadata\.plugins\org.eclipse.swt\EBWebView\Default lastActive=2026-08-10T09:15:28.089Z
2026-08-20 09:34:13.363: [INFO] OnDoneLoading sync enabled: 0
2026-08-20 09:34:13.363: [INFO] BookmarkModelLoaded, ids_reassigned: 0
2026-08-20 09:34:13.363: [INFO] BookmarksLoadDropped droppedNodes=0
2026-08-20 09:34:13.363: [INFO] BookmarksSnapshot Startup total=0 bar=0 other=0 mobile=0 showBar=0 showBarNTP=1
2026-08-20 09:34:15.906: [INFO] BookmarksSnapshot Shutdown total=0 bar=0 other=0 mobile=0 showBar=0 showBarNTP=1
2026-08-20 09:34:16.832: [INFO] CurrentProfilePath: E:\IQ-Hub\.metadata\.plugins\org.eclipse.swt\EBWebView\Default
2026-08-20 09:34:16.832: [INFO] Profiles total count: 1
2026-08-20 09:34:16.833: [INFO] Profile: name=Profile 1 path=E:\IQ-Hub\.metadata\.plugins\org.eclipse.swt\EBWebView\Default lastActive=2026-08-10T09:15:28.089Z
2026-08-20 09:34:16.833: [INFO] LastUsedProfileDir: E:\IQ-Hub\.metadata\.plugins\org.eclipse.swt\EBWebView\Default
2026-08-20 09:34:16.833: [INFO] MostRecentlyActiveProfile: name=Profile 1 path=E:\IQ-Hub\.metadata\.plugins\org.eclipse.swt\EBWebView\Default lastActive=2026-08-10T09:15:28.089Z
2026-08-20 09:34:16.833: [INFO] OnDoneLoading sync enabled: 0
2026-08-20 09:34:16.833: [INFO] BookmarkModelLoaded, ids_reassigned: 0
2026-08-20 09:34:16.833: [INFO] BookmarksLoadDropped droppedNodes=0
2026-08-20 09:34:16.833: [INFO] BookmarksSnapshot Startup total=0 bar=0 other=0 mobile=0 showBar=0 showBarNTP=1
2026-08-20 09:34:24.054: [INFO] BookmarksSnapshot Shutdown total=0 bar=0 other=0 mobile=0 showBar=0 showBarNTP=1
2026-08-20 09:40:41.732: [INFO] CurrentProfilePath: E:\IQ-Hub\.metadata\.plugins\org.eclipse.swt\EBWebView\Default
2026-08-20 09:40:41.732: [INFO] Profiles total count: 1
2026-08-20 09:40:41.733: [INFO] Profile: name=Profile 1 path=E:\IQ-Hub\.metadata\.plugins\org.eclipse.swt\EBWebView\Default lastActive=2026-08-10T09:15:28.089Z
2026-08-20 09:40:41.733: [INFO] LastUsedProfileDir: E:\IQ-Hub\.metadata\.plugins\org.eclipse.swt\EBWebView\Default
2026-08-20 09:40:41.733: [INFO] MostRecentlyActiveProfile: name=Profile 1 path=E:\IQ-Hub\.metadata\.plugins\org.eclipse.swt\EBWebView\Default lastActive=2026-08-10T09:15:28.089Z
2026-08-20 09:40:41.733: [INFO] OnDoneLoading sync enabled: 0
2026-08-20 09:40:41.733: [INFO] BookmarkModelLoaded, ids_reassigned: 0
2026-08-20 09:40:41.733: [INFO] BookmarksLoadDropped droppedNodes=0
2026-08-20 09:40:41.733: [INFO] BookmarksSnapshot Startup total=0 bar=0 other=0 mobile=0 showBar=0 showBarNTP=1
2026-08-20 09:40:45.265: [INFO] BookmarksSnapshot Shutdown total=0 bar=0 other=0 mobile=0 showBar=0 showBarNTP=1
2026-08-20 09:40:46.439: [INFO] CurrentProfilePath: E:\IQ-Hub\.metadata\.plugins\org.eclipse.swt\EBWebView\Default
2026-08-20 09:40:46.439: [INFO] Profiles total count: 1
2026-08-20 09:40:46.440: [INFO] Profile: name=Profile 1 path=E:\IQ-Hub\.metadata\.plugins\org.eclipse.swt\EBWebView\Default lastActive=2026-08-10T09:15:28.089Z
2026-08-20 09:40:46.440: [INFO] LastUsedProfileDir: E:\IQ-Hub\.metadata\.plugins\org.eclipse.swt\EBWebView\Default
2026-08-20 09:40:46.440: [INFO] MostRecentlyActiveProfile: name=Profile 1 path=E:\IQ-Hub\.metadata\.plugins\org.eclipse.swt\EBWebView\Default lastActive=2026-08-10T09:15:28.089Z
2026-08-20 09:40:46.440: [INFO] OnDoneLoading sync enabled: 0
2026-08-20 09:40:46.440: [INFO] BookmarkModelLoaded, ids_reassigned: 0
2026-08-20 09:40:46.440: [INFO] BookmarksLoadDropped droppedNodes=0
2026-08-20 09:40:46.440: [INFO] BookmarksSnapshot Startup total=0 bar=0 other=0 mobile=0 showBar=0 showBarNTP=1
2026-08-20 09:40:50.135: [INFO] BookmarksSnapshot Shutdown total=0 bar=0 other=0 mobile=0 showBar=0 showBarNTP=1
2026-08-20 09:42:25.521: [INFO] CurrentProfilePath: E:\IQ-Hub\.metadata\.plugins\org.eclipse.swt\EBWebView\Default
2026-08-20 09:42:25.521: [INFO] Profiles total count: 1
2026-08-20 09:42:25.522: [INFO] Profile: name=Profile 1 path=E:\IQ-Hub\.metadata\.plugins\org.eclipse.swt\EBWebView\Default lastActive=2026-08-10T09:15:28.089Z
2026-08-20 09:42:25.522: [INFO] LastUsedProfileDir: E:\IQ-Hub\.metadata\.plugins\org.eclipse.swt\EBWebView\Default
2026-08-20 09:42:25.522: [INFO] MostRecentlyActiveProfile: name=Profile 1 path=E:\IQ-Hub\.metadata\.plugins\org.eclipse.swt\EBWebView\Default lastActive=2026-08-10T09:15:28.089Z
2026-08-20 09:42:25.522: [INFO] OnDoneLoading sync enabled: 0
2026-08-20 09:42:25.522: [INFO] BookmarkModelLoaded, ids_reassigned: 0
2026-08-20 09:42:25.522: [INFO] BookmarksLoadDropped droppedNodes=0
2026-08-20 09:42:25.522: [INFO] BookmarksSnapshot Startup total=0 bar=0 other=0 mobile=0 showBar=0 showBarNTP=1
2026-08-20 10:59:50.872: [INFO] BookmarksSnapshot Shutdown total=0 bar=0 other=0 mobile=0 showBar=0 showBarNTP=1
2026-08-20 13:08:51.949: [INFO] CurrentProfilePath: E:\IQ-Hub\.metadata\.plugins\org.eclipse.swt\EBWebView\Default
2026-08-20 13:08:51.949: [INFO] Profiles total count: 1
2026-08-20 13:08:51.949: [INFO] Profile: name=Profile 1 path=E:\IQ-Hub\.metadata\.plugins\org.eclipse.swt\EBWebView\Default lastActive=2026-08-10T09:15:28.089Z
2026-08-20 13:08:51.949: [INFO] LastUsedProfileDir: E:\IQ-Hub\.metadata\.plugins\org.eclipse.swt\EBWebView\Default
2026-08-20 13:08:51.949: [INFO] MostRecentlyActiveProfile: name=Profile 1 path=E:\IQ-Hub\.metadata\.plugins\org.eclipse.swt\EBWebView\Default lastActive=2026-08-10T09:15:28.089Z
2026-08-20 13:08:51.949: [INFO] OnDoneLoading sync enabled: 0
2026-08-20 13:08:51.949: [INFO] BookmarkModelLoaded, ids_reassigned: 0
2026-08-20 13:08:51.949: [INFO] BookmarksLoadDropped droppedNodes=0
2026-08-20 13:08:51.949: [INFO] BookmarksSnapshot Startup total=0 bar=0 other=0 mobile=0 showBar=0 showBarNTP=1
2026-08-20 13:08:53.355: [INFO] BookmarksSnapshot Shutdown total=0 bar=0 other=0 mobile=0 showBar=0 showBarNTP=1
2026-08-20 13:12:15.444: [INFO] CurrentProfilePath: E:\IQ-Hub\.metadata\.plugins\org.eclipse.swt\EBWebView\Default
2026-08-20 13:12:15.444: [INFO] Profiles total count: 1
2026-08-20 13:12:15.445: [INFO] Profile: name=Profile 1 path=E:\IQ-Hub\.metadata\.plugins\org.eclipse.swt\EBWebView\Default lastActive=2026-08-10T09:15:28.089Z
2026-08-20 13:12:15.445: [INFO] LastUsedProfileDir: E:\IQ-Hub\.metadata\.plugins\org.eclipse.swt\EBWebView\Default
2026-08-20 13:12:15.445: [INFO] MostRecentlyActiveProfile: name=Profile 1 path=E:\IQ-Hub\.metadata\.plugins\org.eclipse.swt\EBWebView\Default lastActive=2026-08-10T09:15:28.089Z
2026-08-20 13:12:15.445: [INFO] OnDoneLoading sync enabled: 0
2026-08-20 13:12:15.445: [INFO] BookmarkModelLoaded, ids_reassigned: 0
2026-08-20 13:12:15.445: [INFO] BookmarksLoadDropped droppedNodes=0
2026-08-20 13:12:15.445: [INFO] BookmarksSnapshot Startup total=0 bar=0 other=0 mobile=0 showBar=0 showBarNTP=1
2026-08-20 13:12:23.686: [INFO] BookmarksSnapshot Shutdown total=0 bar=0 other=0 mobile=0 showBar=0 showBarNTP=1
2026-08-20 13:14:37.656: [INFO] CurrentProfilePath: E:\IQ-Hub\.metadata\.plugins\org.eclipse.swt\EBWebView\Default
2026-08-20 13:14:37.657: [INFO] Profiles total count: 1
2026-08-20 13:14:37.657: [INFO] Profile: name=Profile 1 path=E:\IQ-Hub\.metadata\.plugins\org.eclipse.swt\EBWebView\Default lastActive=2026-08-10T09:15:28.089Z
2026-08-20 13:14:37.657: [INFO] LastUsedProfileDir: E:\IQ-Hub\.metadata\.plugins\org.eclipse.swt\EBWebView\Default
2026-08-20 13:14:37.657: [INFO] MostRecentlyActiveProfile: name=Profile 1 path=E:\IQ-Hub\.metadata\.plugins\org.eclipse.swt\EBWebView\Default lastActive=2026-08-10T09:15:28.089Z
2026-08-20 13:14:37.657: [INFO] OnDoneLoading sync enabled: 0
2026-08-20 13:14:37.657: [INFO] BookmarkModelLoaded, ids_reassigned: 0
2026-08-20 13:14:37.657: [INFO] BookmarksLoadDropped droppedNodes=0
2026-08-20 13:14:37.657: [INFO] BookmarksSnapshot Startup total=0 bar=0 other=0 mobile=0 showBar=0 showBarNTP=1
2026-08-20 13:14:47.288: [INFO] BookmarksSnapshot Shutdown total=0 bar=0 other=0 mobile=0 showBar=0 showBarNTP=1
2026-08-20 13:16:17.968: [INFO] CurrentProfilePath: E:\IQ-Hub\.metadata\.plugins\org.eclipse.swt\EBWebView\Default
2026-08-20 13:16:17.968: [INFO] Profiles total count: 1
2026-08-20 13:16:17.969: [INFO] Profile: name=Profile 1 path=E:\IQ-Hub\.metadata\.plugins\org.eclipse.swt\EBWebView\Default lastActive=2026-08-10T09:15:28.089Z
2026-08-20 13:16:17.969: [INFO] LastUsedProfileDir: E:\IQ-Hub\.metadata\.plugins\org.eclipse.swt\EBWebView\Default
2026-08-20 13:16:17.969: [INFO] MostRecentlyActiveProfile: name=Profile 1 path=E:\IQ-Hub\.metadata\.plugins\org.eclipse.swt\EBWebView\Default lastActive=2026-08-10T09:15:28.089Z
2026-08-20 13:16:17.969: [INFO] OnDoneLoading sync enabled: 0
2026-08-20 13:16:17.969: [INFO] BookmarkModelLoaded, ids_reassigned: 0
2026-08-20 13:16:17.969: [INFO] BookmarksLoadDropped droppedNodes=0
2026-08-20 13:16:17.969: [INFO] BookmarksSnapshot Startup total=0 bar=0 other=0 mobile=0 showBar=0 showBarNTP=1
2026-08-20 13:20:14.434: [INFO] BookmarksSnapshot Shutdown total=0 bar=0 other=0 mobile=0 showBar=0 showBarNTP=1
2026-08-20 13:20:14.511: [INFO] CurrentProfilePath: E:\IQ-Hub\.metadata\.plugins\org.eclipse.swt\EBWebView\Default
2026-08-20 13:20:14.512: [INFO] Profiles total count: 1
2026-08-20 13:20:14.512: [INFO] Profile: name=Profile 1 path=E:\IQ-Hub\.metadata\.plugins\org.eclipse.swt\EBWebView\Default lastActive=2026-08-10T09:15:28.089Z
2026-08-20 13:20:14.512: [INFO] LastUsedProfileDir: E:\IQ-Hub\.metadata\.plugins\org.eclipse.swt\EBWebView\Default
2026-08-20 13:20:14.512: [INFO] MostRecentlyActiveProfile: name=Profile 1 path=E:\IQ-Hub\.metadata\.plugins\org.eclipse.swt\EBWebView\Default lastActive=2026-08-10T09:15:28.089Z
2026-08-20 13:20:14.512: [INFO] OnDoneLoading sync enabled: 0
2026-08-20 13:20:14.512: [INFO] BookmarkModelLoaded, ids_reassigned: 0
2026-08-20 13:20:14.512: [INFO] BookmarksLoadDropped droppedNodes=0
2026-08-20 13:20:14.512: [INFO] BookmarksSnapshot Startup total=0 bar=0 other=0 mobile=0 showBar=0 showBarNTP=1
2026-08-20 13:20:45.881: [INFO] BookmarksSnapshot Shutdown total=0 bar=0 other=0 mobile=0 showBar=0 showBarNTP=1
2026-08-20 13:20:45.951: [INFO] CurrentProfilePath: E:\IQ-Hub\.metadata\.plugins\org.eclipse.swt\EBWebView\Default
2026-08-20 13:20:45.951: [INFO] Profiles total count: 1
2026-08-20 13:20:45.951: [INFO] Profile: name=Profile 1 path=E:\IQ-Hub\.metadata\.plugins\org.eclipse.swt\EBWebView\Default lastActive=2026-08-10T09:15:28.089Z
2026-08-20 13:20:45.951: [INFO] LastUsedProfileDir: E:\IQ-Hub\.metadata\.plugins\org.eclipse.swt\EBWebView\Default
2026-08-20 13:20:45.951: [INFO] MostRecentlyActiveProfile: name=Profile 1 path=E:\IQ-Hub\.metadata\.plugins\org.eclipse.swt\EBWebView\Default lastActive=2026-08-10T09:15:28.089Z
2026-08-20 13:20:45.951: [INFO] OnDoneLoading sync enabled: 0
2026-08-20 13:20:45.951: [INFO] BookmarkModelLoaded, ids_reassigned: 0
2026-08-20 13:20:45.951: [INFO] BookmarksLoadDropped droppedNodes=0
2026-08-20 13:20:45.951: [INFO] BookmarksSnapshot Startup total=0 bar=0 other=0 mobile=0 showBar=0 showBarNTP=1
2026-08-20 13:50:15.647: [INFO] BookmarksSnapshot Shutdown total=0 bar=0 other=0 mobile=0 showBar=0 showBarNTP=1
2026-08-20 13:50:52.808: [INFO] CurrentProfilePath: E:\IQ-Hub\.metadata\.plugins\org.eclipse.swt\EBWebView\Default
2026-08-20 13:50:52.808: [INFO] Profiles total count: 1
2026-08-20 13:50:52.808: [INFO] Profile: name=Profile 1 path=E:\IQ-Hub\.metadata\.plugins\org.eclipse.swt\EBWebView\Default lastActive=2026-08-10T09:15:28.089Z
2026-08-20 13:50:52.808: [INFO] LastUsedProfileDir: E:\IQ-Hub\.metadata\.plugins\org.eclipse.swt\EBWebView\Default
2026-08-20 13:50:52.808: [INFO] MostRecentlyActiveProfile: name=Profile 1 path=E:\IQ-Hub\.metadata\.plugins\org.eclipse.swt\EBWebView\Default lastActive=2026-08-10T09:15:28.089Z
2026-08-20 13:50:52.808: [INFO] OnDoneLoading sync enabled: 0
2026-08-20 13:50:52.808: [INFO] BookmarkModelLoaded, ids_reassigned: 0
2026-08-20 13:50:52.808: [INFO] BookmarksLoadDropped droppedNodes=0
2026-08-20 13:50:52.808: [INFO] BookmarksSnapshot Startup total=0 bar=0 other=0 mobile=0 showBar=0 showBarNTP=1
2026-08-20 13:55:51.978: [INFO] BookmarksSnapshot Shutdown total=0 bar=0 other=0 mobile=0 showBar=0 showBarNTP=1
2026-08-23 04:38:29.666: [INFO] CurrentProfilePath: E:\IQ-Hub\.metadata\.plugins\org.eclipse.swt\EBWebView\Default
2026-08-23 04:38:29.666: [INFO] Profiles total count: 1
2026-08-23 04:38:29.667: [INFO] Profile: name=Profile 1 path=E:\IQ-Hub\.metadata\.plugins\org.eclipse.swt\EBWebView\Default lastActive=2026-08-10T09:15:28.089Z
2026-08-23 04:38:29.667: [INFO] LastUsedProfileDir: E:\IQ-Hub\.metadata\.plugins\org.eclipse.swt\EBWebView\Default
2026-08-23 04:38:29.667: [INFO] MostRecentlyActiveProfile: name=Profile 1 path=E:\IQ-Hub\.metadata\.plugins\org.eclipse.swt\EBWebView\Default lastActive=2026-08-10T09:15:28.089Z
2026-08-23 04:38:29.667: [INFO] OnDoneLoading sync enabled: 0
2026-08-23 04:38:29.667: [INFO] BookmarkModelLoaded, ids_reassigned: 0
2026-08-23 04:38:29.667: [INFO] BookmarksLoadDropped droppedNodes=0
2026-08-23 04:38:29.667: [INFO] BookmarksSnapshot Startup total=0 bar=0 other=0 mobile=0 showBar=0 showBarNTP=1
2026-08-23 05:36:11.782: [INFO] BookmarksSnapshot Shutdown total=0 bar=0 other=0 mobile=0 showBar=0 showBarNTP=1
2026-08-23 13:36:17.604: [INFO] CurrentProfilePath: E:\IQ-Hub\.metadata\.plugins\org.eclipse.swt\EBWebView\Default
2026-08-23 13:36:17.604: [INFO] Profiles total count: 1
2026-08-23 13:36:17.605: [INFO] Profile: name=Profile 1 path=E:\IQ-Hub\.metadata\.plugins\org.eclipse.swt\EBWebView\Default lastActive=2026-08-10T09:15:28.089Z
2026-08-23 13:36:17.605: [INFO] LastUsedProfileDir: E:\IQ-Hub\.metadata\.plugins\org.eclipse.swt\EBWebView\Default
2026-08-23 13:36:17.605: [INFO] MostRecentlyActiveProfile: name=Profile 1 path=E:\IQ-Hub\.metadata\.plugins\org.eclipse.swt\EBWebView\Default lastActive=2026-08-10T09:15:28.089Z
2026-08-23 13:36:17.605: [INFO] OnDoneLoading sync enabled: 0
2026-08-23 13:36:17.605: [INFO] BookmarkModelLoaded, ids_reassigned: 0
2026-08-23 13:36:17.605: [INFO] BookmarksLoadDropped droppedNodes=0
2026-08-23 13:36:17.605: [INFO] BookmarksSnapshot Startup total=0 bar=0 other=0 mobile=0 showBar=0 showBarNTP=1
2026-08-23 14:05:18.438: [INFO] BookmarksSnapshot Shutdown total=0 bar=0 other=0 mobile=0 showBar=0 showBarNTP=1
2026-08-23 16:34:39.882: [INFO] CurrentProfilePath: E:\IQ-Hub\.metadata\.plugins\org.eclipse.swt\EBWebView\Default
2026-08-23 16:34:39.882: [INFO] Profiles total count: 1
2026-08-23 16:34:39.883: [INFO] Profile: name=Profile 1 path=E:\IQ-Hub\.metadata\.plugins\org.eclipse.swt\EBWebView\Default lastActive=2026-08-10T09:15:28.089Z
2026-08-23 16:34:39.883: [INFO] LastUsedProfileDir: E:\IQ-Hub\.metadata\.plugins\org.eclipse.swt\EBWebView\Default
2026-08-23 16:34:39.883: [INFO] MostRecentlyActiveProfile: name=Profile 1 path=E:\IQ-Hub\.metadata\.plugins\org.eclipse.swt\EBWebView\Default lastActive=2026-08-10T09:15:28.089Z
2026-08-23 16:34:39.883: [INFO] OnDoneLoading sync enabled: 0
2026-08-23 16:34:39.883: [INFO] BookmarkModelLoaded, ids_reassigned: 0
2026-08-23 16:34:39.883: [INFO] BookmarksLoadDropped droppedNodes=0
2026-08-23 16:34:39.883: [INFO] BookmarksSnapshot Startup total=0 bar=0 other=0 mobile=0 showBar=0 showBarNTP=1
2026-08-23 19:11:13.370: [INFO] BookmarksSnapshot Shutdown total=0 bar=0 other=0 mobile=0 showBar=0 showBarNTP=1
